10-26 21:47:16.692 13902-13902/? I/art: Late-enabling -Xcheck:jni
10-26 21:47:17.629 13902-13909/com.wordpress.tonytam.avatar W/art: Suspending all threads took: 95.977ms
10-26 21:47:18.133 13902-13909/com.wordpress.tonytam.avatar W/art: Suspending all threads took: 104.583ms
10-26 21:47:18.194 13902-13914/com.wordpress.tonytam.avatar I/art: Background sticky concurrent mark sweep GC freed 1583(80KB) AllocSpace objects, 0(0B) LOS objects, 31% free, 438KB/639KB, paused 1.068ms total 204.620ms
10-26 21:47:18.540 13902-13909/com.wordpress.tonytam.avatar W/art: Suspending all threads took: 35.125ms
10-26 21:47:18.942 13902-13914/com.wordpress.tonytam.avatar W/art: Suspending all threads took: 17.364ms
10-26 21:47:19.000 13902-13914/com.wordpress.tonytam.avatar I/art: Background partial concurrent mark sweep GC freed 147(34KB) AllocSpace objects, 0(0B) LOS objects, 50% free, 507KB/1019KB, paused 60.180ms total 174.072ms
10-26 21:47:19.565 13902-13909/com.wordpress.tonytam.avatar W/art: Suspending all threads took: 53.283ms
10-26 21:47:20.055 13902-13909/com.wordpress.tonytam.avatar W/art: Suspending all threads took: 6.500ms
10-26 21:47:20.396 13902-13914/com.wordpress.tonytam.avatar I/art: Background sticky concurrent mark sweep GC freed 648(97KB) AllocSpace objects, 2(32KB) LOS objects, 20% free, 805KB/1019KB, paused 1.220ms total 194.305ms
10-26 21:47:20.561 13902-13909/com.wordpress.tonytam.avatar W/art: Suspending all threads took: 9.307ms
10-26 21:47:20.591 13902-13971/com.wordpress.tonytam.avatar D/OpenGLRenderer: Use EGL_SWAP_BEHAVIOR_PRESERVED: true
10-26 21:47:20.622 13902-13902/com.wordpress.tonytam.avatar W/linker: gralloc.omap3.so: unused DT entry: type 0xf arg 0x677
10-26 21:47:20.622 13902-13902/com.wordpress.tonytam.avatar W/linker: libpvr2d.so: unused DT entry: type 0xf arg 0x78e
10-26 21:47:20.659 13902-13902/com.wordpress.tonytam.avatar D/Atlas: Validating map...
10-26 21:47:20.709 13902-13902/com.wordpress.tonytam.avatar D/jump:: -1.3247,-7.5099998 - {Sensor name="Gravity Sensor", vendor="Motorola", version=1, type=9, maxRange=78.48, resolution=0.009810001, power=0.45, minDelay=40000}3 : 91239438996394
10-26 21:47:20.873 13902-13902/com.wordpress.tonytam.avatar D/Avatar: sending data3
10-26 21:47:20.874 13902-13902/com.wordpress.tonytam.avatar D/jump:: 3.1275756,-7.0895305 - {Sensor name="Accelerometer Sensor", vendor="Motorola", version=1, type=1, maxRange=78.48, resolution=0.009810001, power=0.45, minDelay=20000}3 : 91239454926570
10-26 21:47:20.874 13902-13902/com.wordpress.tonytam.avatar D/jump:: 3.2498999,-6.8203998 - {Sensor name="Gravity Sensor", vendor="Motorola", version=1, type=9, maxRange=78.48, resolution=0.009810001, power=0.45, minDelay=40000}3 : 91239641968806
10-26 21:47:20.874 13902-13902/com.wordpress.tonytam.avatar D/jump:: 3.333477,-6.7974377 - {Sensor name="Accelerometer Sensor", vendor="Motorola", version=1, type=1, maxRange=78.48, resolution=0.009810001, power=0.45, minDelay=20000}3 : 91239656495173
10-26 21:47:20.986 13902-13914/com.wordpress.tonytam.avatar W/art: Suspending all threads took: 9.002ms
10-26 21:47:21.001 13902-13914/com.wordpress.tonytam.avatar I/art: Background sticky concurrent mark sweep GC freed 31(2496B) AllocSpace objects, 0(0B) LOS objects, 0% free, 1040KB/1040KB, paused 11.047ms total 88.256ms
10-26 21:47:21.035 13902-13914/com.wordpress.tonytam.avatar W/art: Suspending all threads took: 32.958ms
10-26 21:47:21.199 13902-13914/com.wordpress.tonytam.avatar I/art: Background partial concurrent mark sweep GC freed 306(25KB) AllocSpace objects, 0(0B) LOS objects, 33% free, 1021KB/1533KB, paused 518us total 153.594ms
10-26 21:47:21.277 13902-13971/com.wordpress.tonytam.avatar I/OpenGLRenderer: Initialized EGL, version 1.4
10-26 21:47:21.288 13902-13971/com.wordpress.tonytam.avatar W/OpenGLRenderer: Failed to choose config with EGL_SWAP_BEHAVIOR_PRESERVED, retrying without...
10-26 21:47:21.326 13902-13971/com.wordpress.tonytam.avatar D/OpenGLRenderer: Enabling debug mode 0
10-26 21:47:48.670 13902-13909/com.wordpress.tonytam.avatar W/art: Suspending all threads took: 107.849ms
10-26 21:47:49.259 13902-13909/com.wordpress.tonytam.avatar W/art: Suspending all threads took: 177.764ms
10-26 21:47:49.282 13902-13914/com.wordpress.tonytam.avatar I/art: Background sticky concurrent mark sweep GC freed 585(34KB) AllocSpace objects, 0(0B) LOS objects, 0% free, 1779KB/1779KB, paused 1.190ms total 349.700ms
10-26 21:47:49.410 13902-13914/com.wordpress.tonytam.avatar I/art: Background partial concurrent mark sweep GC freed 82(4KB) AllocSpace objects, 0(0B) LOS objects, 24% free, 2MB/3MB, paused 579us total 111.694ms
10-26 21:47:49.942 13902-13971/com.wordpress.tonytam.avatar W/linker: libglslcompiler.so: unused DT entry: type 0xf arg 0x319
10-26 21:47:50.136 13902-13902/com.wordpress.tonytam.avatar D/jump:: 3.2495,-6.8301997 - {Sensor name="Gravity Sensor", vendor="Motorola", version=1, type=9, maxRange=78.48, resolution=0.009810001, power=0.45, minDelay=40000}3 : 91268948853572
10-26 21:47:50.136 13902-13902/com.wordpress.tonytam.avatar D/jump:: 1.1355999,2.410662 - {Sensor name="Accelerometer Sensor", vendor="Motorola", version=1, type=1, maxRange=78.48, resolution=0.009810001, power=0.45, minDelay=20000}3 : 91268946656306
10-26 21:47:50.261 13902-13902/com.wordpress.tonytam.avatar D/jump:: 0.9597,2.6619 - {Sensor name="Gravity Sensor", vendor="Motorola", version=1, type=9, maxRange=78.48, resolution=0.009810001, power=0.45, minDelay=40000}3 : 91269148865779
10-26 21:47:50.267 13902-13902/com.wordpress.tonytam.avatar D/jump:: 2.016666,1.6421231 - {Sensor name="Accelerometer Sensor", vendor="Motorola", version=1, type=1, maxRange=78.48, resolution=0.009810001, power=0.45, minDelay=20000}3 : 91269146637996
10-26 21:47:50.465 13902-13902/com.wordpress.tonytam.avatar D/jump:: 0.9917,2.6160998 - {Sensor name="Gravity Sensor", vendor="Motorola", version=1, type=9, maxRange=78.48, resolution=0.009810001, power=0.45, minDelay=40000}3 : 91269351258357
10-26 21:47:50.468 13902-13902/com.wordpress.tonytam.avatar D/jump:: 2.0789154,0.5336077 - {Sensor name="Accelerometer Sensor", vendor="Motorola", version=1, type=1, maxRange=78.48, resolution=0.009810001, power=0.45, minDelay=20000}3 : 91269347901423
10-26 21:47:50.663 13902-13902/com.wordpress.tonytam.avatar D/jump:: 1.0308,2.5444999 - {Sensor name="Gravity Sensor", vendor="Motorola", version=1, type=9, maxRange=78.48, resolution=0.009810001, power=0.45, minDelay=40000}3 : 91269550049861
10-26 21:47:50.670 13902-13902/com.wordpress.tonytam.avatar D/jump:: 2.682254,-0.69701195 - {Sensor name="Accelerometer Sensor", vendor="Motorola", version=1, type=1, maxRange=78.48, resolution=0.009810001, power=0.45, minDelay=20000}3 : 91269546692927
10-26 21:47:50.867 13902-13902/com.wordpress.tonytam.avatar D/jump:: 1.0854,2.4529998 - {Sensor name="Gravity Sensor", vendor="Motorola", version=1, type=9, maxRange=78.48, resolution=0.009810001, power=0.45, minDelay=40000}3 : 91269752350886
10-26 21:47:50.879 13902-13902/com.wordpress.tonytam.avatar D/jump:: 2.883367,-1.1782465 - {Sensor name="Accelerometer Sensor", vendor="Motorola", version=1, type=1, maxRange=78.48, resolution=0.009810001, power=0.45, minDelay=20000}3 : 91269762909968
10-26 21:47:51.073 13902-13902/com.wordpress.tonytam.avatar D/jump:: 1.1410999,2.3569999 - {Sensor name="Gravity Sensor", vendor="Motorola", version=1, type=9, maxRange=78.48, resolution=0.009810001, power=0.45, minDelay=40000}3 : 91269959961970
10-26 21:47:51.082 13902-13902/com.wordpress.tonytam.avatar D/jump:: 2.9719524,-1.4368203 - {Sensor name="Accelerometer Sensor", vendor="Motorola", version=1, type=1, maxRange=78.48, resolution=0.009810001, power=0.45, minDelay=20000}3 : 91269968506892
10-26 21:47:51.274 13902-13902/com.wordpress.tonytam.avatar D/jump:: 1.1956999,2.2472 - {Sensor name="Gravity Sensor", vendor="Motorola", version=1, type=9, maxRange=78.48, resolution=0.009810001, power=0.45, minDelay=40000}3 : 91270160401423
10-26 21:47:51.279 13902-13902/com.wordpress.tonytam.avatar D/jump:: 2.8450599,-1.9012954 - {Sensor name="Accelerometer Sensor", vendor="Motorola", version=1, type=1, maxRange=78.48, resolution=0.009810001, power=0.45, minDelay=20000}3 : 91270166627009
10-26 21:47:51.532 13902-13902/com.wordpress.tonytam.avatar D/jump:: 1.2463,2.1332 - {Sensor name="Gravity Sensor", vendor="Motorola", version=1, type=9, maxRange=78.48, resolution=0.009810001, power=0.45, minDelay=40000}3 : 91270377472956
10-26 21:47:51.532 13902-13902/com.wordpress.tonytam.avatar D/jump:: 3.2592566,-1.7001824 - {Sensor name="Accelerometer Sensor", vendor="Motorola", version=1, type=1, maxRange=78.48, resolution=0.009810001, power=0.45, minDelay=20000}3 : 91270369080622
10-26 21:47:51.694 13902-13902/com.wordpress.tonytam.avatar D/jump:: 2.7445033,-1.9779099 - {Sensor name="Accelerometer Sensor", vendor="Motorola", version=1, type=1, maxRange=78.48, resolution=0.009810001, power=0.45, minDelay=20000}3 : 91270576996882
10-26 21:47:51.703 13902-13902/com.wordpress.tonytam.avatar D/jump:: 1.2987,2.0281 - {Sensor name="Gravity Sensor", vendor="Motorola", version=1, type=9, maxRange=78.48, resolution=0.009810001, power=0.45, minDelay=40000}3 : 91270590119441
10-26 21:47:51.901 13902-13902/com.wordpress.tonytam.avatar D/jump:: 3.2329204,-1.6187797 - {Sensor name="Accelerometer Sensor", vendor="Motorola", version=1, type=1, maxRange=78.48, resolution=0.009810001, power=0.45, minDelay=20000}3 : 91270786896785
10-26 21:47:51.916 13902-13902/com.wordpress.tonytam.avatar D/jump:: 1.3513,1.9269999 - {Sensor name="Gravity Sensor", vendor="Motorola", version=1, type=9, maxRange=78.48, resolution=0.009810001, power=0.45, minDelay=40000}3 : 91270802613337
10-26 21:47:52.110 13902-13902/com.wordpress.tonytam.avatar D/jump:: 2.8522425,-1.6092029 - {Sensor name="Accelerometer Sensor", vendor="Motorola", version=1, type=1, maxRange=78.48, resolution=0.009810001, power=0.45, minDelay=20000}3 : 91270997620662
10-26 21:47:52.123 13902-13902/com.wordpress.tonytam.avatar D/jump:: 1.4002999,1.8233999 - {Sensor name="Gravity Sensor", vendor="Motorola", version=1, type=9, maxRange=78.48, resolution=0.009810001, power=0.45, minDelay=40000}3 : 91271010743220
10-26 21:47:52.310 13902-13902/com.wordpress.tonytam.avatar D/jump:: 3.228132,-1.6163855 - {Sensor name="Accelerometer Sensor", vendor="Motorola", version=1, type=1, maxRange=78.48, resolution=0.009810001, power=0.45, minDelay=20000}3 : 91271196717341
10-26 21:47:52.324 13902-13902/com.wordpress.tonytam.avatar D/jump:: 1.4538,1.7263 - {Sensor name="Gravity Sensor", vendor="Motorola", version=1, type=9, maxRange=78.48, resolution=0.009810001, power=0.45, minDelay=40000}3 : 91271210480769
10-26 21:47:52.520 13902-13902/com.wordpress.tonytam.avatar D/jump:: 2.7756279,-1.6115971 - {Sensor name="Accelerometer Sensor", vendor="Motorola", version=1, type=1, maxRange=78.48, resolution=0.009810001, power=0.45, minDelay=20000}3 : 91271396973689
10-26 21:47:52.534 13902-13902/com.wordpress.tonytam.avatar D/jump:: 1.5009999,1.6308999 - {Sensor name="Gravity Sensor", vendor="Motorola", version=1, type=9, maxRange=78.48, resolution=0.009810001, power=0.45, minDelay=40000}3 : 91271420472224
10-26 21:47:52.711 13902-13902/com.wordpress.tonytam.avatar D/jump:: 2.9958944,-1.7217304 - {Sensor name="Accelerometer Sensor", vendor="Motorola", version=1, type=1, maxRange=78.48, resolution=0.009810001, power=0.45, minDelay=20000}3 : 91271596833308
10-26 21:47:52.734 13902-13902/com.wordpress.tonytam.avatar D/jump:: 1.5474,1.5352 - {Sensor name="Gravity Sensor", vendor="Motorola", version=1, type=9, maxRange=78.48, resolution=0.009810001, power=0.45, minDelay=40000}3 : 91271620881160
10-26 21:47:52.922 13902-13902/com.wordpress.tonytam.avatar D/jump:: 3.1347582,-1.2883798 - {Sensor name="Accelerometer Sensor", vendor="Motorola", version=1, type=1, maxRange=78.48, resolution=0.009810001, power=0.45, minDelay=20000}3 : 91271806794246
10-26 21:47:52.931 13902-13902/com.wordpress.tonytam.avatar D/jump:: 1.5931,1.4455999 - {Sensor name="Gravity Sensor", vendor="Motorola", version=1, type=9, maxRange=78.48, resolution=0.009810001, power=0.45, minDelay=40000}3 : 91271818970759
10-26 21:47:53.120 13902-13902/com.wordpress.tonytam.avatar D/jump:: 2.6654947,-2.025794 - {Sensor name="Accelerometer Sensor", vendor="Motorola", version=1, type=1, maxRange=78.48, resolution=0.009810001, power=0.45, minDelay=20000}3 : 91272006867488
10-26 21:47:53.134 13902-13902/com.wordpress.tonytam.avatar D/jump:: 1.637,1.3549 - {Sensor name="Gravity Sensor", vendor="Motorola", version=1, type=9, maxRange=78.48, resolution=0.009810001, power=0.45, minDelay=40000}3 : 91272020905574
10-26 21:47:53.321 13902-13902/com.wordpress.tonytam.avatar D/jump:: 3.2879872,-1.6882114 - {Sensor name="Accelerometer Sensor", vendor="Motorola", version=1, type=1, maxRange=78.48, resolution=0.009810001, power=0.45, minDelay=20000}3 : 91272206818660
10-26 21:47:53.347 13902-13902/com.wordpress.tonytam.avatar D/jump:: 1.6802,1.2689999 - {Sensor name="Gravity Sensor", vendor="Motorola", version=1, type=9, maxRange=78.48, resolution=0.009810001, power=0.45, minDelay=40000}3 : 91272232453425
10-26 21:47:53.520 13902-13902/com.wordpress.tonytam.avatar D/jump:: 2.7636569,-1.5182232 - {Sensor name="Accelerometer Sensor", vendor="Motorola", version=1, type=1, maxRange=78.48, resolution=0.009810001, power=0.45, minDelay=20000}3 : 91272407319148
10-26 21:47:53.554 13902-13902/com.wordpress.tonytam.avatar D/jump:: 1.7178999,1.1820999 - {Sensor name="Gravity Sensor", vendor="Motorola", version=1, type=9, maxRange=78.48, resolution=0.009810001, power=0.45, minDelay=40000}3 : 91272440705378
10-26 21:47:53.721 13902-13902/com.wordpress.tonytam.avatar D/jump:: 3.2089784,-2.073678 - {Sensor name="Accelerometer Sensor", vendor="Motorola", version=1, type=1, maxRange=78.48, resolution=0.009810001, power=0.45, minDelay=20000}3 : 91272606812556
10-26 21:47:53.765 13902-13902/com.wordpress.tonytam.avatar D/jump:: 1.7617999,1.1000999 - {Sensor name="Gravity Sensor", vendor="Motorola", version=1, type=9, maxRange=78.48, resolution=0.009810001, power=0.45, minDelay=40000}3 : 91272650971492
10-26 21:47:53.931 13902-13902/com.wordpress.tonytam.avatar D/jump:: 2.9599814,-1.551742 - {Sensor name="Accelerometer Sensor", vendor="Motorola", version=1, type=1, maxRange=78.48, resolution=0.009810001, power=0.45, minDelay=20000}3 : 91272816956599
10-26 21:47:54.018 13902-13902/com.wordpress.tonytam.avatar D/jump:: 1.7983999,1.0209 - {Sensor name="Gravity Sensor", vendor="Motorola", version=1, type=9, maxRange=78.48, resolution=0.009810001, power=0.45, minDelay=40000}3 : 91272866700251
10-26 21:47:54.140 13902-13902/com.wordpress.tonytam.avatar D/jump:: 3.2688334,-1.8294693 - {Sensor name="Accelerometer Sensor", vendor="Motorola", version=1, type=1, maxRange=78.48, resolution=0.009810001, power=0.45, minDelay=20000}3 : 91273026795466
10-26 21:47:54.184 13902-13902/com.wordpress.tonytam.avatar D/jump:: 1.8362,0.9392 - {Sensor name="Gravity Sensor", vendor="Motorola", version=1, type=9, maxRange=78.48, resolution=0.009810001, power=0.45, minDelay=40000}3 : 91273070740779
10-26 21:47:54.340 13902-13902/com.wordpress.tonytam.avatar D/jump:: 2.9887118,-1.1758523 - {Sensor name="Accelerometer Sensor", vendor="Motorola", version=1, type=1, maxRange=78.48, resolution=0.009810001, power=0.45, minDelay=20000}3 : 91273226624568
10-26 21:47:54.394 13902-13902/com.wordpress.tonytam.avatar D/jump:: 1.8763,0.8653 - {Sensor name="Gravity Sensor", vendor="Motorola", version=1, type=9, maxRange=78.48, resolution=0.009810001, power=0.45, minDelay=40000}3 : 91273280762751
10-26 21:47:54.539 13902-13902/com.wordpress.tonytam.avatar D/jump:: 2.6607063,-1.8581998 - {Sensor name="Accelerometer Sensor", vendor="Motorola", version=1, type=1, maxRange=78.48, resolution=0.009810001, power=0.45, minDelay=20000}3 : 91273426575740
10-26 21:47:54.603 13902-13902/com.wordpress.tonytam.avatar D/jump:: 1.9099,0.79319996 - {Sensor name="Gravity Sensor", vendor="Motorola", version=1, type=9, maxRange=78.48, resolution=0.009810001, power=0.45, minDelay=40000}3 : 91273490082820
10-26 21:47:54.652 13902-13914/com.wordpress.tonytam.avatar I/art: Background sticky concurrent mark sweep GC freed 4072(270KB) AllocSpace objects, 0(0B) LOS objects, 12% free, 2MB/3MB, paused 24.261ms total 46.752ms
10-26 21:47:54.741 13902-13902/com.wordpress.tonytam.avatar D/jump:: 3.2879872,-1.6331449 - {Sensor name="Accelerometer Sensor", vendor="Motorola", version=1, type=1, maxRange=78.48, resolution=0.009810001, power=0.45, minDelay=20000}3 : 91273626862605
10-26 21:47:54.814 13902-13902/com.wordpress.tonytam.avatar D/jump:: 1.9768,0.654 - {Sensor name="Gravity Sensor", vendor="Motorola", version=1, type=9, maxRange=78.48, resolution=0.009810001, power=0.45, minDelay=40000}3 : 91273700562556
10-26 21:47:54.952 13902-13902/com.wordpress.tonytam.avatar D/jump:: 2.8067527,-1.3937247 - {Sensor name="Accelerometer Sensor", vendor="Motorola", version=1, type=1, maxRange=78.48, resolution=0.009810001, power=0.45, minDelay=20000}3 : 91273837281306
10-26 21:47:55.024 13902-13902/com.wordpress.tonytam.avatar D/jump:: 2.0081,0.5868 - {Sensor name="Gravity Sensor", vendor="Motorola", version=1, type=9, maxRange=78.48, resolution=0.009810001, power=0.45, minDelay=40000}3 : 91273911042292
10-26 21:47:55.162 13902-13902/com.wordpress.tonytam.avatar D/jump:: 3.1419408,-1.9755157 - {Sensor name="Accelerometer Sensor", vendor="Motorola", version=1, type=1, maxRange=78.48, resolution=0.009810001, power=0.45, minDelay=20000}3 : 91274047059138
10-26 21:47:55.223 13902-13902/com.wordpress.tonytam.avatar D/jump:: 2.0412,0.5196 - {Sensor name="Gravity Sensor", vendor="Motorola", version=1, type=9, maxRange=78.48, resolution=0.009810001, power=0.45, minDelay=40000}3 : 91274110200007
10-26 21:47:55.377 13902-13902/com.wordpress.tonytam.avatar D/jump:: 2.991106,-1.5685014 - {Sensor name="Accelerometer Sensor", vendor="Motorola", version=1, type=1, maxRange=78.48, resolution=0.009810001, power=0.45, minDelay=20000}3 : 91274256959040
10-26 21:47:55.434 13902-13902/com.wordpress.tonytam.avatar D/jump:: 2.0693,0.4574 - {Sensor name="Gravity Sensor", vendor="Motorola", version=1, type=9, maxRange=78.48, resolution=0.009810001, power=0.45, minDelay=40000}3 : 91274320984919
10-26 21:47:55.579 13902-13902/com.wordpress.tonytam.avatar D/jump:: 3.192219,-1.8366519 - {Sensor name="Accelerometer Sensor", vendor="Motorola", version=1, type=1, maxRange=78.48, resolution=0.009810001, power=0.45, minDelay=20000}3 : 91274466584285
10-26 21:47:55.643 13902-13902/com.wordpress.tonytam.avatar D/jump:: 2.1006,0.3954 - {Sensor name="Gravity Sensor", vendor="Motorola", version=1, type=9, maxRange=78.48, resolution=0.009810001, power=0.45, minDelay=40000}3 : 91274530213435
10-26 21:47:55.782 13902-13902/com.wordpress.tonytam.avatar D/jump:: 2.967164,-1.290774 - {Sensor name="Accelerometer Sensor", vendor="Motorola", version=1, type=1, maxRange=78.48, resolution=0.009810001, power=0.45, minDelay=20000}3 : 91274667664607
10-26 21:47:55.842 13902-13902/com.wordpress.tonytam.avatar D/jump:: 2.1282,0.33679998 - {Sensor name="Gravity Sensor", vendor="Motorola", version=1, type=9, maxRange=78.48, resolution=0.009810001, power=0.45, minDelay=40000}3 : 91274729554255
10-26 21:47:56.004 13902-13902/com.wordpress.tonytam.avatar D/jump:: 2.694225,-1.7935563 - {Sensor name="Accelerometer Sensor", vendor="Motorola", version=1, type=1, maxRange=78.48, resolution=0.009810001, power=0.45, minDelay=20000}3 : 91274876587947
10-26 21:47:56.043 13902-13902/com.wordpress.tonytam.avatar D/jump:: 2.1525,0.2778 - {Sensor name="Gravity Sensor", vendor="Motorola", version=1, type=9, maxRange=78.48, resolution=0.009810001, power=0.45, minDelay=40000}3 : 91274929963191
10-26 21:47:56.191 13902-13902/com.wordpress.tonytam.avatar D/jump:: 3.2784102,-1.695394 - {Sensor name="Accelerometer Sensor", vendor="Motorola", version=1, type=1, maxRange=78.48, resolution=0.009810001, power=0.45, minDelay=20000}3 : 91275077088435
10-26 21:47:56.244 13902-13902/com.wordpress.tonytam.avatar D/jump:: 2.1829,0.22039999 - {Sensor name="Gravity Sensor", vendor="Motorola", version=1, type=9, maxRange=78.48, resolution=0.009810001, power=0.45, minDelay=40000}3 : 91275130707820
10-26 21:47:56.401 13902-13902/com.wordpress.tonytam.avatar D/jump:: 2.9025207,-1.491887 - {Sensor name="Accelerometer Sensor", vendor="Motorola", version=1, type=1, maxRange=78.48, resolution=0.009810001, power=0.45, minDelay=20000}3 : 91275286896785
10-26 21:47:56.453 13902-13902/com.wordpress.tonytam.avatar D/jump:: 2.2071,0.1646 - {Sensor name="Gravity Sensor", vendor="Motorola", version=1, type=9, maxRange=78.48, resolution=0.009810001, power=0.45, minDelay=40000}3 : 91275340180476
10-26 21:47:56.610 13902-13902/com.wordpress.tonytam.avatar D/jump:: 3.0174422,-2.1502924 - {Sensor name="Accelerometer Sensor", vendor="Motorola", version=1, type=1, maxRange=78.48, resolution=0.009810001, power=0.45, minDelay=20000}3 : 91275496674617
10-26 21:47:56.664 13902-13902/com.wordpress.tonytam.avatar D/jump:: 2.2305999,0.1068 - {Sensor name="Gravity Sensor", vendor="Motorola", version=1, type=9, maxRange=78.48, resolution=0.009810001, power=0.45, minDelay=40000}3 : 91275551545222
10-26 21:47:56.811 13902-13902/com.wordpress.tonytam.avatar D/jump:: 3.1227872,-1.623568 - {Sensor name="Accelerometer Sensor", vendor="Motorola", version=1, type=1, maxRange=78.48, resolution=0.009810001, power=0.45, minDelay=20000}3 : 91275696961482
10-26 21:47:56.864 13902-13902/com.wordpress.tonytam.avatar D/jump:: 2.2565,0.0552 - {Sensor name="Gravity Sensor", vendor="Motorola", version=1, type=9, maxRange=78.48, resolution=0.009810001, power=0.45, minDelay=40000}3 : 91275750733455
10-26 21:47:57.021 13902-13902/com.wordpress.tonytam.avatar D/jump:: 2.9097033,-1.8390462 - {Sensor name="Accelerometer Sensor", vendor="Motorola", version=1, type=1, maxRange=78.48, resolution=0.009810001, power=0.45, minDelay=20000}3 : 91275907044490
10-26 21:47:57.071 13902-13902/com.wordpress.tonytam.avatar D/jump:: 2.2784998,0.0039999997 - {Sensor name="Gravity Sensor", vendor="Motorola", version=1, type=9, maxRange=78.48, resolution=0.009810001, power=0.45, minDelay=40000}3 : 91275958924372
10-26 21:47:57.221 13902-13902/com.wordpress.tonytam.avatar D/jump:: 3.1371524,-1.4727334 - {Sensor name="Accelerometer Sensor", vendor="Motorola", version=1, type=1, maxRange=78.48, resolution=0.009810001, power=0.45, minDelay=20000}3 : 91276106873591
10-26 21:47:57.274 13902-13902/com.wordpress.tonytam.avatar D/jump:: 2.3006,-0.0492 - {Sensor name="Gravity Sensor", vendor="Motorola", version=1, type=9, maxRange=78.48, resolution=0.009810001, power=0.45, minDelay=40000}3 : 91276160981257
10-26 21:47:57.430 13902-13902/com.wordpress.tonytam.avatar D/jump:: 2.6774657,-1.752855 - {Sensor name="Accelerometer Sensor", vendor="Motorola", version=1, type=1, maxRange=78.48, resolution=0.009810001, power=0.45, minDelay=20000}3 : 91276316804011
10-26 21:47:57.496 13902-13902/com.wordpress.tonytam.avatar D/jump:: 2.3237,-0.0968 - {Sensor name="Gravity Sensor", vendor="Motorola", version=1, type=9, maxRange=78.48, resolution=0.009810001, power=0.45, minDelay=40000}3 : 91276369965632
10-26 21:47:57.630 13902-13902/com.wordpress.tonytam.avatar D/jump:: 3.048567,-1.908478 - {Sensor name="Accelerometer Sensor", vendor="Motorola", version=1, type=1, maxRange=78.48, resolution=0.009810001, power=0.45, minDelay=20000}3 : 91276516724665
10-26 21:47:57.682 13902-13902/com.wordpress.tonytam.avatar D/jump:: 2.3439,-0.1458 - {Sensor name="Gravity Sensor", vendor="Motorola", version=1, type=9, maxRange=78.48, resolution=0.009810001, power=0.45, minDelay=40000}3 : 91276569733699
10-26 21:47:57.831 13902-13902/com.wordpress.tonytam.avatar D/jump:: 3.0749032,-1.4583681 - {Sensor name="Accelerometer Sensor", vendor="Motorola", version=1, type=1, maxRange=78.48, resolution=0.009810001, power=0.45, minDelay=20000}3 : 91276716828425
10-26 21:47:57.884 13902-13902/com.wordpress.tonytam.avatar D/jump:: 2.3651,-0.1964 - {Sensor name="Gravity Sensor", vendor="Motorola", version=1, type=9, maxRange=78.48, resolution=0.009810001, power=0.45, minDelay=40000}3 : 91276770722468
10-26 21:47:58.039 13902-13902/com.wordpress.tonytam.avatar D/jump:: 2.694225,-1.9611504 - {Sensor name="Accelerometer Sensor", vendor="Motorola", version=1, type=1, maxRange=78.48, resolution=0.009810001, power=0.45, minDelay=20000}3 : 91276926606257
10-26 21:47:58.094 13902-13902/com.wordpress.tonytam.avatar D/jump:: 2.3855,-0.23979999 - {Sensor name="Gravity Sensor", vendor="Motorola", version=1, type=9, maxRange=78.48, resolution=0.009810001, power=0.45, minDelay=40000}3 : 91276980866511
10-26 21:47:58.242 13902-13902/com.wordpress.tonytam.avatar D/jump:: 3.1850364,-1.8151041 - {Sensor name="Accelerometer Sensor", vendor="Motorola", version=1, type=1, maxRange=78.48, resolution=0.009810001, power=0.45, minDelay=20000}3 : 91277126771052
10-26 21:47:58.303 13902-13902/com.wordpress.tonytam.avatar D/jump:: 2.4036,-0.28579998 - {Sensor name="Gravity Sensor", vendor="Motorola", version=1, type=9, maxRange=78.48, resolution=0.009810001, power=0.45, minDelay=40000}3 : 91277190064509
10-26 21:47:58.440 13902-13902/com.wordpress.tonytam.avatar D/jump:: 2.943222,-1.4727334 - {Sensor name="Accelerometer Sensor", vendor="Motorola", version=1, type=1, maxRange=78.48, resolution=0.009810001, power=0.45, minDelay=20000}3 : 91277326661189
10-26 21:47:58.507 13902-13902/com.wordpress.tonytam.avatar D/jump:: 2.4229999,-0.3296 - {Sensor name="Gravity Sensor", vendor="Motorola", version=1, type=9, maxRange=78.48, resolution=0.009810001, power=0.45, minDelay=40000}3 : 91277393616755
10-26 21:47:58.640 13902-13902/com.wordpress.tonytam.avatar D/jump:: 2.9360394,-1.8629882 - {Sensor name="Accelerometer Sensor", vendor="Motorola", version=1, type=1, maxRange=78.48, resolution=0.009810001, power=0.45, minDelay=20000}3 : 91277526825984
10-26 21:47:58.704 13902-13902/com.wordpress.tonytam.avatar D/jump:: 2.4398,-0.369 - {Sensor name="Gravity Sensor", vendor="Motorola", version=1, type=9, maxRange=78.48, resolution=0.009810001, power=0.45, minDelay=40000}3 : 91277591096003
10-26 21:47:58.841 13902-13902/com.wordpress.tonytam.avatar D/jump:: 3.1994016,-2.025794 - {Sensor name="Accelerometer Sensor", vendor="Motorola", version=1, type=1, maxRange=78.48, resolution=0.009810001, power=0.45, minDelay=20000}3 : 91277726807673
10-26 21:47:58.914 13902-13902/com.wordpress.tonytam.avatar D/jump:: 2.4579,-0.408 - {Sensor name="Gravity Sensor", vendor="Motorola", version=1, type=9, maxRange=78.48, resolution=0.009810001, power=0.45, minDelay=40000}3 : 91277800873835
10-26 21:47:59.039 13902-13902/com.wordpress.tonytam.avatar D/jump:: 2.9240685,-1.8797476 - {Sensor name="Accelerometer Sensor", vendor="Motorola", version=1, type=1, maxRange=78.48, resolution=0.009810001, power=0.45, minDelay=20000}3 : 91277926545222
10-26 21:47:59.124 13902-13902/com.wordpress.tonytam.avatar D/jump:: 2.4768,-0.4565 - {Sensor name="Gravity Sensor", vendor="Motorola", version=1, type=9, maxRange=78.48, resolution=0.009810001, power=0.45, minDelay=40000}3 : 91278010102351
10-26 21:47:59.241 13902-13902/com.wordpress.tonytam.avatar D/jump:: 3.0198364,-2.3202808 - {Sensor name="Accelerometer Sensor", vendor="Motorola", version=1, type=1, maxRange=78.48, resolution=0.009810001, power=0.45, minDelay=20000}3 : 91278126862605
10-26 21:47:59.334 13902-13902/com.wordpress.tonytam.avatar D/jump:: 2.4898,-0.5062 - {Sensor name="Gravity Sensor", vendor="Motorola", version=1, type=9, maxRange=78.48, resolution=0.009810001, power=0.45, minDelay=40000}3 : 91278221039851
10-26 21:47:59.451 13902-13902/com.wordpress.tonytam.avatar D/jump:: 2.883367,-2.3609822 - {Sensor name="Accelerometer Sensor", vendor="Motorola", version=1, type=1, maxRange=78.48, resolution=0.009810001, power=0.45, minDelay=20000}3 : 91278336976130
10-26 21:47:59.543 13902-13902/com.wordpress.tonytam.avatar D/jump:: 2.5063999,-0.5572 - {Sensor name="Gravity Sensor", vendor="Motorola", version=1, type=9, maxRange=78.48, resolution=0.009810001, power=0.45, minDelay=40000}3 : 91278430024226
10-26 21:47:59.651 13902-13902/com.wordpress.tonytam.avatar D/jump:: 2.823512,-2.2771852 - {Sensor name="Accelerometer Sensor", vendor="Motorola", version=1, type=1, maxRange=78.48, resolution=0.009810001, power=0.45, minDelay=20000}3 : 91278536835749
10-26 21:47:59.744 13902-13902/com.wordpress.tonytam.avatar D/jump:: 2.5184,-0.6078 - {Sensor name="Gravity Sensor", vendor="Motorola", version=1, type=9, maxRange=78.48, resolution=0.009810001, power=0.45, minDelay=40000}3 : 91278630951960
10-26 21:47:59.860 13902-13902/com.wordpress.tonytam.avatar D/jump:: 2.847454,-2.0281882 - {Sensor name="Accelerometer Sensor", vendor="Motorola", version=1, type=1, maxRange=78.48, resolution=0.009810001, power=0.45, minDelay=20000}3 : 91278746827205
10-26 21:47:59.957 13902-13902/com.wordpress.tonytam.avatar D/jump:: 2.529,-0.657 - {Sensor name="Gravity Sensor", vendor="Motorola", version=1, type=9, maxRange=78.48, resolution=0.009810001, power=0.45, minDelay=40000}3 : 91278842499812
10-26 21:48:00.060 13902-13902/com.wordpress.tonytam.avatar D/jump:: 2.991106,-2.4256256 - {Sensor name="Accelerometer Sensor", vendor="Motorola", version=1, type=1, maxRange=78.48, resolution=0.009810001, power=0.45, minDelay=20000}3 : 91278946686824
10-26 21:48:00.164 13902-13902/com.wordpress.tonytam.avatar D/jump:: 2.5396,-0.701 - {Sensor name="Gravity Sensor", vendor="Motorola", version=1, type=9, maxRange=78.48, resolution=0.009810001, power=0.45, minDelay=40000}3 : 91279050751765
10-26 21:48:00.260 13902-13902/com.wordpress.tonytam.avatar D/jump:: 3.192219,-2.9140427 - {Sensor name="Accelerometer Sensor", vendor="Motorola", version=1, type=1, maxRange=78.48, resolution=0.009810001, power=0.45, minDelay=20000}3 : 91279146790583
10-26 21:48:00.375 13902-13902/com.wordpress.tonytam.avatar D/jump:: 2.5444999,-0.7416 - {Sensor name="Gravity Sensor", vendor="Motorola", version=1, type=9, maxRange=78.48, resolution=0.009810001, power=0.45, minDelay=40000}3 : 91279261689265
10-26 21:48:00.460 13902-13902/com.wordpress.tonytam.avatar D/jump:: 2.7038019,-2.0545244 - {Sensor name="Accelerometer Sensor", vendor="Motorola", version=1, type=1, maxRange=78.48, resolution=0.009810001, power=0.45, minDelay=20000}3 : 91279346772273
10-26 21:48:00.586 13902-13902/com.wordpress.tonytam.avatar D/jump:: 2.5611,-0.7966 - {Sensor name="Gravity Sensor", vendor="Motorola", version=1, type=9, maxRange=78.48, resolution=0.009810001, power=0.45, minDelay=40000}3 : 91279473694880
10-26 21:48:00.660 13902-13902/com.wordpress.tonytam.avatar D/jump:: 2.9767408,-2.21733 - {Sensor name="Accelerometer Sensor", vendor="Motorola", version=1, type=1, maxRange=78.48, resolution=0.009810001, power=0.45, minDelay=20000}3 : 91279546753962
10-26 21:48:00.783 13902-13902/com.wordpress.tonytam.avatar D/jump:: 2.5709,-0.8436 - {Sensor name="Gravity Sensor", vendor="Motorola", version=1, type=9, maxRange=78.48, resolution=0.009810001, power=0.45, minDelay=40000}3 : 91279670411189
10-26 21:48:00.860 13902-13902/com.wordpress.tonytam.avatar D/jump:: 2.4763527,-2.442385 - {Sensor name="Accelerometer Sensor", vendor="Motorola", version=1, type=1, maxRange=78.48, resolution=0.009810001, power=0.45, minDelay=20000}3 : 91279746735652
10-26 21:48:01.011 13902-13902/com.wordpress.tonytam.avatar D/jump:: 2.5812,-0.88799995 - {Sensor name="Gravity Sensor", vendor="Motorola", version=1, type=9, maxRange=78.48, resolution=0.009810001, power=0.45, minDelay=40000}3 : 91279880372126
10-26 21:48:01.060 13902-13902/com.wordpress.tonytam.avatar D/jump:: 2.835483,-2.2269068 - {Sensor name="Accelerometer Sensor", vendor="Motorola", version=1, type=1, maxRange=78.48, resolution=0.009810001, power=0.45, minDelay=20000}3 : 91279946717341
10-26 21:48:01.192 13902-13902/com.wordpress.tonytam.avatar D/jump:: 2.5893,-0.9314 - {Sensor name="Gravity Sensor", vendor="Motorola", version=1, type=9, maxRange=78.48, resolution=0.009810001, power=0.45, minDelay=40000}3 : 91280079377253
10-26 21:48:01.260 13902-13902/com.wordpress.tonytam.avatar D/jump:: 2.7205613,-2.4687212 - {Sensor name="Accelerometer Sensor", vendor="Motorola", version=1, type=1, maxRange=78.48, resolution=0.009810001, power=0.45, minDelay=20000}3 : 91280146760066
10-26 21:48:01.395 13902-13902/com.wordpress.tonytam.avatar D/jump:: 2.5937998,-0.9759 - {Sensor name="Gravity Sensor", vendor="Motorola", version=1, type=9, maxRange=78.48, resolution=0.009810001, power=0.45, minDelay=40000}3 : 91280281403621
10-26 21:48:01.460 13902-13902/com.wordpress.tonytam.avatar D/jump:: 2.7397149,-2.83264 - {Sensor name="Accelerometer Sensor", vendor="Motorola", version=1, type=1, maxRange=78.48, resolution=0.009810001, power=0.45, minDelay=20000}3 : 91280346650203
10-26 21:48:01.607 13902-13902/com.wordpress.tonytam.avatar D/jump:: 2.6011,-1.0224 - {Sensor name="Gravity Sensor", vendor="Motorola", version=1, type=9, maxRange=78.48, resolution=0.009810001, power=0.45, minDelay=40000}3 : 91280492585261
10-26 21:48:01.660 13902-13902/com.wordpress.tonytam.avatar D/jump:: 3.0222306,-3.488651 - {Sensor name="Accelerometer Sensor", vendor="Motorola", version=1, type=1, maxRange=78.48, resolution=0.009810001, power=0.45, minDelay=20000}3 : 91280546692927
10-26 21:48:01.816 13902-13902/com.wordpress.tonytam.avatar D/jump:: 2.6062,-1.0694 - {Sensor name="Gravity Sensor", vendor="Motorola", version=1, type=9, maxRange=78.48, resolution=0.009810001, power=0.45, minDelay=40000}3 : 91280701966365
10-26 21:48:01.860 13902-13902/com.wordpress.tonytam.avatar D/jump:: 2.4955063,-1.9922751 - {Sensor name="Accelerometer Sensor", vendor="Motorola", version=1, type=1, maxRange=78.48, resolution=0.009810001, power=0.45, minDelay=20000}3 : 91280746766169
10-26 21:48:02.013 13902-13902/com.wordpress.tonytam.avatar D/jump:: 2.6087,-1.1183 - {Sensor name="Gravity Sensor", vendor="Motorola", version=1, type=9, maxRange=78.48, resolution=0.009810001, power=0.45, minDelay=40000}3 : 91280899994929
10-26 21:48:02.060 13902-13902/com.wordpress.tonytam.avatar D/jump:: 2.5218425,-2.9571383 - {Sensor name="Accelerometer Sensor", vendor="Motorola", version=1, type=1, maxRange=78.48, resolution=0.009810001, power=0.45, minDelay=20000}3 : 91280946625789
10-26 21:48:02.213 13902-13902/com.wordpress.tonytam.avatar D/jump:: 2.612,-1.1675999 - {Sensor name="Gravity Sensor", vendor="Motorola", version=1, type=9, maxRange=78.48, resolution=0.009810001, power=0.45, minDelay=40000}3 : 91281099885066
10-26 21:48:02.259 13902-13902/com.wordpress.tonytam.avatar D/jump:: 2.3997383,-3.0672717 - {Sensor name="Accelerometer Sensor", vendor="Motorola", version=1, type=1, maxRange=78.48, resolution=0.009810001, power=0.45, minDelay=20000}3 : 91281146882136
10-26 21:48:02.426 13902-13902/com.wordpress.tonytam.avatar D/jump:: 2.6125998,-1.2777 - {Sensor name="Gravity Sensor", vendor="Motorola", version=1, type=9, maxRange=78.48, resolution=0.009810001, power=0.45, minDelay=40000}3 : 91281311768611
10-26 21:48:02.460 13902-13902/com.wordpress.tonytam.avatar D/jump:: 2.682254,-3.07206 - {Sensor name="Accelerometer Sensor", vendor="Motorola", version=1, type=1, maxRange=78.48, resolution=0.009810001, power=0.45, minDelay=20000}3 : 91281346833308
10-26 21:48:02.496 13902-13914/com.wordpress.tonytam.avatar I/art: Background sticky concurrent mark sweep GC freed 2921(250KB) AllocSpace objects, 0(0B) LOS objects, 11% free, 2MB/3MB, paused 13.885ms total 31.982ms
10-26 21:48:02.635 13902-13902/com.wordpress.tonytam.avatar D/jump:: 2.6146998,-1.331 - {Sensor name="Gravity Sensor", vendor="Motorola", version=1, type=9, maxRange=78.48, resolution=0.009810001, power=0.45, minDelay=40000}3 : 91281521790583
10-26 21:48:02.659 13902-13902/com.wordpress.tonytam.avatar D/jump:: 2.7492917,-2.868553 - {Sensor name="Accelerometer Sensor", vendor="Motorola", version=1, type=1, maxRange=78.48, resolution=0.009810001, power=0.45, minDelay=20000}3 : 91281546509822
10-26 21:48:02.851 13902-13902/com.wordpress.tonytam.avatar D/jump:: 2.6197,-1.378 - {Sensor name="Gravity Sensor", vendor="Motorola", version=1, type=9, maxRange=78.48, resolution=0.009810001, power=0.45, minDelay=40000}3 : 91281736817439
10-26 21:48:02.862 13902-13902/com.wordpress.tonytam.avatar D/jump:: 2.529025,-3.273173 - {Sensor name="Accelerometer Sensor", vendor="Motorola", version=1, type=1, maxRange=78.48, resolution=0.009810001, power=0.45, minDelay=20000}3 : 91281746888240
10-26 21:48:03.068 13902-13902/com.wordpress.tonytam.avatar D/jump:: 2.7947817,-2.894889 - {Sensor name="Accelerometer Sensor", vendor="Motorola", version=1, type=1, maxRange=78.48, resolution=0.009810001, power=0.45, minDelay=20000}3 : 91281946778376
10-26 21:48:03.074 13902-13902/com.wordpress.tonytam.avatar D/jump:: 2.6204,-1.4252 - {Sensor name="Gravity Sensor", vendor="Motorola", version=1, type=9, maxRange=78.48, resolution=0.009810001, power=0.45, minDelay=40000}3 : 91281950837214
10-26 21:48:03.261 13902-13902/com.wordpress.tonytam.avatar D/jump:: 2.622399,-2.6363153 - {Sensor name="Accelerometer Sensor", vendor="Motorola", version=1, type=1, maxRange=78.48, resolution=0.009810001, power=0.45, minDelay=20000}3 : 91282146943171
10-26 21:48:03.277 13902-13902/com.wordpress.tonytam.avatar D/jump:: 2.6239998,-1.4725 - {Sensor name="Gravity Sensor", vendor="Motorola", version=1, type=9, maxRange=78.48, resolution=0.009810001, power=0.45, minDelay=40000}3 : 91282162751277
10-26 21:48:03.471 13902-13902/com.wordpress.tonytam.avatar D/jump:: 2.7445033,-2.9475615 - {Sensor name="Accelerometer Sensor", vendor="Motorola", version=1, type=1, maxRange=78.48, resolution=0.009810001, power=0.45, minDelay=20000}3 : 91282356934626
10-26 21:48:03.518 13902-13902/com.wordpress.tonytam.avatar D/jump:: 2.6259,-1.5134 - {Sensor name="Gravity Sensor", vendor="Motorola", version=1, type=9, maxRange=78.48, resolution=0.009810001, power=0.45, minDelay=40000}3 : 91282376801570
10-26 21:48:03.670 13902-13902/com.wordpress.tonytam.avatar D/jump:: 2.5457847,-2.9834745 - {Sensor name="Accelerometer Sensor", vendor="Motorola", version=1, type=1, maxRange=78.48, resolution=0.009810001, power=0.45, minDelay=20000}3 : 91282556916316
10-26 21:48:03.694 13902-13902/com.wordpress.tonytam.avatar D/jump:: 2.6281998,-1.5538 - {Sensor name="Gravity Sensor", vendor="Motorola", version=1, type=9, maxRange=78.48, resolution=0.009810001, power=0.45, minDelay=40000}3 : 91282580567439
10-26 21:48:03.871 13902-13902/com.wordpress.tonytam.avatar D/jump:: 2.572121,-2.5620952 - {Sensor name="Accelerometer Sensor", vendor="Motorola", version=1, type=1, maxRange=78.48, resolution=0.009810001, power=0.45, minDelay=20000}3 : 91282756928523
10-26 21:48:03.906 13902-13902/com.wordpress.tonytam.avatar D/jump:: 2.6322,-1.5956999 - {Sensor name="Gravity Sensor", vendor="Motorola", version=1, type=9, maxRange=78.48, resolution=0.009810001, power=0.45, minDelay=40000}3 : 91282791565974
10-26 21:48:04.081 13902-13902/com.wordpress.tonytam.avatar D/jump:: 2.8378773,-2.559701 - {Sensor name="Accelerometer Sensor", vendor="Motorola", version=1, type=1, maxRange=78.48, resolution=0.009810001, power=0.45, minDelay=20000}3 : 91282967133601
10-26 21:48:04.114 13902-13902/com.wordpress.tonytam.avatar D/jump:: 2.6313,-1.6335 - {Sensor name="Gravity Sensor", vendor="Motorola", version=1, type=9, maxRange=78.48, resolution=0.009810001, power=0.45, minDelay=40000}3 : 91283000550349
10-26 21:48:04.280 13902-13902/com.wordpress.tonytam.avatar D/jump:: 2.5793035,-2.868553 - {Sensor name="Accelerometer Sensor", vendor="Motorola", version=1, type=1, maxRange=78.48, resolution=0.009810001, power=0.45, minDelay=20000}3 : 91283166657527
10-26 21:48:04.321 13902-13902/com.wordpress.tonytam.avatar D/jump:: 2.636,-1.6678 - {Sensor name="Gravity Sensor", vendor="Motorola", version=1, type=9, maxRange=78.48, resolution=0.009810001, power=0.45, minDelay=40000}3 : 91283208832820
10-26 21:48:04.481 13902-13902/com.wordpress.tonytam.avatar D/jump:: 2.359037,-2.7703907 - {Sensor name="Accelerometer Sensor", vendor="Motorola", version=1, type=1, maxRange=78.48, resolution=0.009810001, power=0.45, minDelay=20000}3 : 91283366852839
10-26 21:48:04.537 13902-13902/com.wordpress.tonytam.avatar D/jump:: 2.6376,-1.7026999 - {Sensor name="Gravity Sensor", vendor="Motorola", version=1, type=9, maxRange=78.48, resolution=0.009810001, power=0.45, minDelay=40000}3 : 91283419709285
10-26 21:48:04.690 13902-13902/com.wordpress.tonytam.avatar D/jump:: 2.6511295,-2.9738977 - {Sensor name="Accelerometer Sensor", vendor="Motorola", version=1, type=1, maxRange=78.48, resolution=0.009810001, power=0.45, minDelay=20000}3 : 91283576966365
10-26 21:48:04.735 13902-13902/com.wordpress.tonytam.avatar D/jump:: 2.6390998,-1.7356 - {Sensor name="Gravity Sensor", vendor="Motorola", version=1, type=9, maxRange=78.48, resolution=0.009810001, power=0.45, minDelay=40000}3 : 91283621277888
10-26 21:48:04.891 13902-13902/com.wordpress.tonytam.avatar D/jump:: 2.7875988,-2.703353 - {Sensor name="Accelerometer Sensor", vendor="Motorola", version=1, type=1, maxRange=78.48, resolution=0.009810001, power=0.45, minDelay=20000}3 : 91283776887019
10-26 21:48:04.944 13902-13902/com.wordpress.tonytam.avatar D/jump:: 2.6383998,-1.7666 - {Sensor name="Gravity Sensor", vendor="Motorola", version=1, type=9, maxRange=78.48, resolution=0.009810001, power=0.45, minDelay=40000}3 : 91283831421931
10-26 21:48:05.090 13902-13902/com.wordpress.tonytam.avatar D/jump:: 2.430863,-3.1151557 - {Sensor name="Accelerometer Sensor", vendor="Motorola", version=1, type=1, maxRange=78.48, resolution=0.009810001, power=0.45, minDelay=20000}3 : 91283976685603
10-26 21:48:05.153 13902-13902/com.wordpress.tonytam.avatar D/jump:: 2.642,-1.7952 - {Sensor name="Gravity Sensor", vendor="Motorola", version=1, type=9, maxRange=78.48, resolution=0.009810001, power=0.45, minDelay=40000}3 : 91284040131648
10-26 21:48:05.291 13902-13902/com.wordpress.tonytam.avatar D/jump:: 2.8187237,-2.9619267 - {Sensor name="Accelerometer Sensor", vendor="Motorola", version=1, type=1, maxRange=78.48, resolution=0.009810001, power=0.45, minDelay=20000}3 : 91284177155574
10-26 21:48:05.356 13902-13902/com.wordpress.tonytam.avatar D/jump:: 2.6402,-1.8226999 - {Sensor name="Gravity Sensor", vendor="Motorola", version=1, type=9, maxRange=78.48, resolution=0.009810001, power=0.45, minDelay=40000}3 : 91284242524226
10-26 21:48:05.516 13902-13902/com.wordpress.tonytam.avatar D/jump:: 2.5098715,-2.6387095 - {Sensor name="Accelerometer Sensor", vendor="Motorola", version=1, type=1, maxRange=78.48, resolution=0.009810001, power=0.45, minDelay=20000}3 : 91284386597712
10-26 21:48:05.563 13902-13902/com.wordpress.tonytam.avatar D/jump:: 2.6415,-1.8535 - {Sensor name="Gravity Sensor", vendor="Motorola", version=1, type=9, maxRange=78.48, resolution=0.009810001, power=0.45, minDelay=40000}3 : 91284450196345
10-26 21:48:05.700 13902-13902/com.wordpress.tonytam.avatar D/jump:: 2.883367,-2.753631 - {Sensor name="Accelerometer Sensor", vendor="Motorola", version=1, type=1, maxRange=78.48, resolution=0.009810001, power=0.45, minDelay=20000}3 : 91284586762507
10-26 21:48:05.764 13902-13902/com.wordpress.tonytam.avatar D/jump:: 2.6431,-1.8802999 - {Sensor name="Gravity Sensor", vendor="Motorola", version=1, type=9, maxRange=78.48, resolution=0.009810001, power=0.45, minDelay=40000}3 : 91284650422175
10-26 21:48:05.900 13902-13902/com.wordpress.tonytam.avatar D/jump:: 2.5553615,-3.273173 - {Sensor name="Accelerometer Sensor", vendor="Motorola", version=1, type=1, maxRange=78.48, resolution=0.009810001, power=0.45, minDelay=20000}3 : 91284786683162
10-26 21:48:05.996 13902-13902/com.wordpress.tonytam.avatar D/jump:: 2.6445,-1.9041 - {Sensor name="Gravity Sensor", vendor="Motorola", version=1, type=9, maxRange=78.48, resolution=0.009810001, power=0.45, minDelay=40000}3 : 91284865571101
10-26 21:48:06.100 13902-13902/com.wordpress.tonytam.avatar D/jump:: 2.610428,-2.8350341 - {Sensor name="Accelerometer Sensor", vendor="Motorola", version=1, type=1, maxRange=78.48, resolution=0.009810001, power=0.45, minDelay=20000}3 : 91284986573298
10-26 21:48:06.183 13902-13902/com.wordpress.tonytam.avatar D/jump:: 2.6475,-1.9352 - {Sensor name="Gravity Sensor", vendor="Motorola", version=1, type=9, maxRange=78.48, resolution=0.009810001, power=0.45, minDelay=40000}3 : 91285070496638
10-26 21:48:06.301 13902-13902/com.wordpress.tonytam.avatar D/jump:: 2.811541,-2.7488427 - {Sensor name="Accelerometer Sensor", vendor="Motorola", version=1, type=1, maxRange=78.48, resolution=0.009810001, power=0.45, minDelay=20000}3 : 91285186982234
10-26 21:48:06.384 13902-13902/com.wordpress.tonytam.avatar D/jump:: 2.6473,-1.9611 - {Sensor name="Gravity Sensor", vendor="Motorola", version=1, type=9, maxRange=78.48, resolution=0.009810001, power=0.45, minDelay=40000}3 : 91285270936091
10-26 21:48:06.515 13902-13902/com.wordpress.tonytam.avatar D/jump:: 2.6128223,-2.8134863 - {Sensor name="Accelerometer Sensor", vendor="Motorola", version=1, type=1, maxRange=78.48, resolution=0.009810001, power=0.45, minDelay=20000}3 : 91285396576960
10-26 21:48:06.593 13902-13902/com.wordpress.tonytam.avatar D/jump:: 2.6504998,-1.9853 - {Sensor name="Gravity Sensor", vendor="Motorola", version=1, type=9, maxRange=78.48, resolution=0.009810001, power=0.45, minDelay=40000}3 : 91285480103572
10-26 21:48:06.710 13902-13902/com.wordpress.tonytam.avatar D/jump:: 2.871396,-2.5692778 - {Sensor name="Accelerometer Sensor", vendor="Motorola", version=1, type=1, maxRange=78.48, resolution=0.009810001, power=0.45, minDelay=20000}3 : 91285596711238
10-26 21:48:06.793 13902-13902/com.wordpress.tonytam.avatar D/jump:: 2.6523,-2.0084 - {Sensor name="Gravity Sensor", vendor="Motorola", version=1, type=9, maxRange=78.48, resolution=0.009810001, power=0.45, minDelay=40000}3 : 91285680085261
10-26 21:48:06.911 13902-13902/com.wordpress.tonytam.avatar D/jump:: 2.5553615,-2.2604256 - {Sensor name="Accelerometer Sensor", vendor="Motorola", version=1, type=1, maxRange=78.48, resolution=0.009810001, power=0.45, minDelay=20000}3 : 91285796906550
10-26 21:48:07.006 13902-13902/com.wordpress.tonytam.avatar D/jump:: 2.6523,-2.0277998 - {Sensor name="Gravity Sensor", vendor="Motorola", version=1, type=9, maxRange=78.48, resolution=0.009810001, power=0.45, minDelay=40000}3 : 91285886628230
10-26 21:48:07.122 13902-13902/com.wordpress.tonytam.avatar D/jump:: 2.7014077,-2.4735096 - {Sensor name="Accelerometer Sensor", vendor="Motorola", version=1, type=1, maxRange=78.48, resolution=0.009810001, power=0.45, minDelay=20000}3 : 91286009125789
10-26 21:48:07.202 13902-13902/com.wordpress.tonytam.avatar D/jump:: 2.6559,-2.0421 - {Sensor name="Gravity Sensor", vendor="Motorola", version=1, type=9, maxRange=78.48, resolution=0.009810001, power=0.45, minDelay=40000}3 : 91286089783747
10-26 21:48:07.320 13902-13902/com.wordpress.tonytam.avatar D/jump:: 2.7349265,-2.50224 - {Sensor name="Accelerometer Sensor", vendor="Motorola", version=1, type=1, maxRange=78.48, resolution=0.009810001, power=0.45, minDelay=20000}3 : 91286206544001
10-26 21:48:07.401 13902-13902/com.wordpress.tonytam.avatar D/jump:: 2.659,-2.0565999 - {Sensor name="Gravity Sensor", vendor="Motorola", version=1, type=9, maxRange=78.48, resolution=0.009810001, power=0.45, minDelay=40000}3 : 91286288758357
10-26 21:48:07.519 13902-13902/com.wordpress.tonytam.avatar D/jump:: 2.6631005,-2.4471734 - {Sensor name="Accelerometer Sensor", vendor="Motorola", version=1, type=1, maxRange=78.48, resolution=0.009810001, power=0.45, minDelay=20000}3 : 91286406525691
10-26 21:48:07.608 13902-13902/com.wordpress.tonytam.avatar D/jump:: 2.6615999,-2.07 - {Sensor name="Gravity Sensor", vendor="Motorola", version=1, type=9, maxRange=78.48, resolution=0.009810001, power=0.45, minDelay=40000}3 : 91286489960749
10-26 21:48:07.720 13902-13902/com.wordpress.tonytam.avatar D/jump:: 2.9647698,-2.2269068 - {Sensor name="Accelerometer Sensor", vendor="Motorola", version=1, type=1, maxRange=78.48, resolution=0.009810001, power=0.45, minDelay=20000}3 : 91286606751521
10-26 21:48:07.814 13902-13902/com.wordpress.tonytam.avatar D/jump:: 2.6664999,-2.0807 - {Sensor name="Gravity Sensor", vendor="Motorola", version=1, type=9, maxRange=78.48, resolution=0.009810001, power=0.45, minDelay=40000}3 : 91286700898249
10-26 21:48:07.922 13902-13902/com.wordpress.tonytam.avatar D/jump:: 2.5697267,-2.3873184 - {Sensor name="Accelerometer Sensor", vendor="Motorola", version=1, type=1, maxRange=78.48, resolution=0.009810001, power=0.45, minDelay=20000}3 : 91286807160456
10-26 21:48:08.022 13902-13902/com.wordpress.tonytam.avatar D/jump:: 2.6676998,-2.0914 - {Sensor name="Gravity Sensor", vendor="Motorola", version=1, type=9, maxRange=78.48, resolution=0.009810001, power=0.45, minDelay=40000}3 : 91286909669001
10-26 21:48:08.120 13902-13902/com.wordpress.tonytam.avatar D/jump:: 2.9168859,-2.0521302 - {Sensor name="Accelerometer Sensor", vendor="Motorola", version=1, type=1, maxRange=78.48, resolution=0.009810001, power=0.45, minDelay=20000}3 : 91287006714900
10-26 21:48:08.224 13902-13902/com.wordpress.tonytam.avatar D/jump:: 2.671,-2.1018999 - {Sensor name="Gravity Sensor", vendor="Motorola", version=1, type=9, maxRange=78.48, resolution=0.009810001, power=0.45, minDelay=40000}3 : 91287110901912
10-26 21:48:08.320 13902-13902/com.wordpress.tonytam.avatar D/jump:: 2.5673325,-2.3322518 - {Sensor name="Accelerometer Sensor", vendor="Motorola", version=1, type=1, maxRange=78.48, resolution=0.009810001, power=0.45, minDelay=20000}3 : 91287206757624
10-26 21:48:08.437 13902-13902/com.wordpress.tonytam.avatar D/jump:: 2.6791,-2.1101 - {Sensor name="Gravity Sensor", vendor="Motorola", version=1, type=9, maxRange=78.48, resolution=0.009810001, power=0.45, minDelay=40000}3 : 91287322236140
